---
source: src/tests/translation.rs
expression: ast
---
Block(
    BlockFragment {
        statements: [
            List(
                ListFragment {
                    values: [
                        Raw(
                            RawFragment {
                                value: "echo ",
                            },
                        ),
                        Subprocess(
                            SubprocessFragment {
                                fragment: List(
                                    ListFragment {
                                        values: [
                                            Raw(
                                                RawFragment {
                                                    value: "echo ",
                                                },
                                            ),
                                            Raw(
                                                RawFragment {
                                                    value: "10.5",
                                                },
                                            ),
                                            Raw(
                                                RawFragment {
                                                    value: " '/' ",
                                                },
                                            ),
                                            Raw(
                                                RawFragment {
                                                    value: "2.1",
                                                },
                                            ),
                                            Raw(
                                                RawFragment {
                                                    value: " | bc ",
                                                },
                                            ),
                                            Raw(
                                                RawFragment {
                                                    value: "-l",
                                                },
                                            ),
                                            Raw(
                                                RawFragment {
                                                    value: " | sed '",
                                                },
                                            ),
                                            Raw(
                                                RawFragment {
                                                    value: "/\\./ s/\\.\\{0,1\\}0\\{1,\\}$//",
                                                },
                                            ),
                                            Raw(
                                                RawFragment {
                                                    value: "'",
                                                },
                                            ),
                                        ],
                                        separator: Empty,
                                    },
                                ),
                                quoted: true,
                            },
                        ),
                    ],
                    separator: Empty,
                },
            ),
            List(
                ListFragment {
                    values: [
                        Raw(
                            RawFragment {
                                value: "echo ",
                            },
                        ),
                        Subprocess(
                            SubprocessFragment {
                                fragment: List(
                                    ListFragment {
                                        values: [
                                            Raw(
                                                RawFragment {
                                                    value: "echo ",
                                                },
                                            ),
                                            Subprocess(
                                                SubprocessFragment {
                                                    fragment: List(
                                                        ListFragment {
                                                            values: [
                                                                Raw(
                                                                    RawFragment {
                                                                        value: "echo ",
                                                                    },
                                                                ),
                                                                Raw(
                                                                    RawFragment {
                                                                        value: "20.4",
                                                                    },
                                                                ),
                                                                Raw(
                                                                    RawFragment {
                                                                        value: " '/' ",
                                                                    },
                                                                ),
                                                                Raw(
                                                                    RawFragment {
                                                                        value: "4.0",
                                                                    },
                                                                ),
                                                                Raw(
                                                                    RawFragment {
                                                                        value: " | bc ",
                                                                    },
                                                                ),
                                                                Raw(
                                                                    RawFragment {
                                                                        value: "-l",
                                                                    },
                                                                ),
                                                                Raw(
                                                                    RawFragment {
                                                                        value: " | sed '",
                                                                    },
                                                                ),
                                                                Raw(
                                                                    RawFragment {
                                                                        value: "/\\./ s/\\.\\{0,1\\}0\\{1,\\}$//",
                                                                    },
                                                                ),
                                                                Raw(
                                                                    RawFragment {
                                                                        value: "'",
                                                                    },
                                                                ),
                                                            ],
                                                            separator: Empty,
                                                        },
                                                    ),
                                                    quoted: true,
                                                },
                                            ),
                                            Raw(
                                                RawFragment {
                                                    value: " '/' ",
                                                },
                                            ),
                                            Raw(
                                                RawFragment {
                                                    value: "2.0",
                                                },
                                            ),
                                            Raw(
                                                RawFragment {
                                                    value: " | bc ",
                                                },
                                            ),
                                            Raw(
                                                RawFragment {
                                                    value: "-l",
                                                },
                                            ),
                                            Raw(
                                                RawFragment {
                                                    value: " | sed '",
                                                },
                                            ),
                                            Raw(
                                                RawFragment {
                                                    value: "/\\./ s/\\.\\{0,1\\}0\\{1,\\}$//",
                                                },
                                            ),
                                            Raw(
                                                RawFragment {
                                                    value: "'",
                                                },
                                            ),
                                        ],
                                        separator: Empty,
                                    },
                                ),
                                quoted: true,
                            },
                        ),
                    ],
                    separator: Empty,
                },
            ),
            List(
                ListFragment {
                    values: [
                        Raw(
                            RawFragment {
                                value: "echo ",
                            },
                        ),
                        Subprocess(
                            SubprocessFragment {
                                fragment: List(
                                    ListFragment {
                                        values: [
                                            Raw(
                                                RawFragment {
                                                    value: "echo ",
                                                },
                                            ),
                                            Subprocess(
                                                SubprocessFragment {
                                                    fragment: List(
                                                        ListFragment {
                                                            values: [
                                                                Raw(
                                                                    RawFragment {
                                                                        value: "echo ",
                                                                    },
                                                                ),
                                                                Subprocess(
                                                                    SubprocessFragment {
                                                                        fragment: List(
                                                                            ListFragment {
                                                                                values: [
                                                                                    Raw(
                                                                                        RawFragment {
                                                                                            value: "echo ",
                                                                                        },
                                                                                    ),
                                                                                    Raw(
                                                                                        RawFragment {
                                                                                            value: "100.0",
                                                                                        },
                                                                                    ),
                                                                                    Raw(
                                                                                        RawFragment {
                                                                                            value: " '/' ",
                                                                                        },
                                                                                    ),
                                                                                    Raw(
                                                                                        RawFragment {
                                                                                            value: "5.0",
                                                                                        },
                                                                                    ),
                                                                                    Raw(
                                                                                        RawFragment {
                                                                                            value: " | bc ",
                                                                                        },
                                                                                    ),
                                                                                    Raw(
                                                                                        RawFragment {
                                                                                            value: "-l",
                                                                                        },
                                                                                    ),
                                                                                    Raw(
                                                                                        RawFragment {
                                                                                            value: " | sed '",
                                                                                        },
                                                                                    ),
                                                                                    Raw(
                                                                                        RawFragment {
                                                                                            value: "/\\./ s/\\.\\{0,1\\}0\\{1,\\}$//",
                                                                                        },
                                                                                    ),
                                                                                    Raw(
                                                                                        RawFragment {
                                                                                            value: "'",
                                                                                        },
                                                                                    ),
                                                                                ],
                                                                                separator: Empty,
                                                                            },
                                                                        ),
                                                                        quoted: true,
                                                                    },
                                                                ),
                                                                Raw(
                                                                    RawFragment {
                                                                        value: " '/' ",
                                                                    },
                                                                ),
                                                                Raw(
                                                                    RawFragment {
                                                                        value: "2.5",
                                                                    },
                                                                ),
                                                                Raw(
                                                                    RawFragment {
                                                                        value: " | bc ",
                                                                    },
                                                                ),
                                                                Raw(
                                                                    RawFragment {
                                                                        value: "-l",
                                                                    },
                                                                ),
                                                                Raw(
                                                                    RawFragment {
                                                                        value: " | sed '",
                                                                    },
                                                                ),
                                                                Raw(
                                                                    RawFragment {
                                                                        value: "/\\./ s/\\.\\{0,1\\}0\\{1,\\}$//",
                                                                    },
                                                                ),
                                                                Raw(
                                                                    RawFragment {
                                                                        value: "'",
                                                                    },
                                                                ),
                                                            ],
                                                            separator: Empty,
                                                        },
                                                    ),
                                                    quoted: true,
                                                },
                                            ),
                                            Raw(
                                                RawFragment {
                                                    value: " '/' ",
                                                },
                                            ),
                                            Raw(
                                                RawFragment {
                                                    value: "2.0",
                                                },
                                            ),
                                            Raw(
                                                RawFragment {
                                                    value: " | bc ",
                                                },
                                            ),
                                            Raw(
                                                RawFragment {
                                                    value: "-l",
                                                },
                                            ),
                                            Raw(
                                                RawFragment {
                                                    value: " | sed '",
                                                },
                                            ),
                                            Raw(
                                                RawFragment {
                                                    value: "/\\./ s/\\.\\{0,1\\}0\\{1,\\}$//",
                                                },
                                            ),
                                            Raw(
                                                RawFragment {
                                                    value: "'",
                                                },
                                            ),
                                        ],
                                        separator: Empty,
                                    },
                                ),
                                quoted: true,
                            },
                        ),
                    ],
                    separator: Empty,
                },
            ),
        ],
        increase_indent: true,
        needs_noop: false,
        is_conditional: false,
    },
)
